trapline — the week of Mon 24 Aug to Mon 31 Aug, UTC

venekambio
450 events, level with last week (450)
9 new issues, 0 regressions

  New this week
        90  error number i  ·  pkg.Function
            https://errors.example.test/projects/1/issues/9
        80  error number h  ·  pkg.Function
            https://errors.example.test/projects/1/issues/8
        70  error number g  ·  pkg.Function
            https://errors.example.test/projects/1/issues/7
        60  error number f  ·  pkg.Function
            https://errors.example.test/projects/1/issues/6
        50  error number e  ·  pkg.Function
            https://errors.example.test/projects/1/issues/5

  Loudest
        90  error number i  ·  pkg.Function
            https://errors.example.test/projects/1/issues/9
        80  error number h  ·  pkg.Function
            https://errors.example.test/projects/1/issues/8
        70  error number g  ·  pkg.Function
            https://errors.example.test/projects/1/issues/7
        60  error number f  ·  pkg.Function
            https://errors.example.test/projects/1/issues/6
        50  error number e  ·  pkg.Function
            https://errors.example.test/projects/1/issues/5

